name: default
insecure: true
type: redfish

name: test
type: redfish-dell

