Retrieve statuses of deployed cluster components

Usage:
  status [flags]

Flags:
  -h, --help                help for status
      --kubeconfig string   Path to kubeconfig associated with cluster being managed
