Show the version number of airshipctl

Usage:
  version [flags]

Flags:
  -h, --help   help for version
