A unified entrypoint to various airship components

