A unified entrypoint to various airship components

Usage:
  airshipctl [command]

Available Commands:
  baremetal   Perform actions on baremetal hosts
  cluster     Manage Kubernetes clusters
  completion  Generate completion script for the specified shell (bash or zsh)
  config      Manage the airshipctl config file
  document    Manage deployment documents
  help        Help about any command
  phase       Manage phases
  plan        Manage plans
  secret      Manage secrets
  version     Show the version number of airshipctl

Flags:
      --airshipconf string   Path to file for airshipctl configuration. (default "$HOME/.airship/config")
      --debug                enable verbose output
  -h, --help                 help for airshipctl

Use "airshipctl [command] --help" for more information about a command.
