Generates a secure encryption key or passphrase.

If regex arguments are passed the encryption key created would match the regular expression passed.

Usage:
  encryptionkey [flags]

Examples:

# Generates a secure encryption key or passphrase.
airshipctl secret generate encryptionkey

# Generates a secure encryption key or passphrase matching the regular expression
airshipctl secret generate encryptionkey \
  --regex Xy[a-c][0-9]!a*


Flags:
  -h, --help           help for encryptionkey
      --limit int      Limit number of characters for + or * regex (default 5)
      --regex string   Regular expression string
