managementConfiguration: ""
manifest: Manifest_ContextFoo

