managementConfiguration: ""
manifest: Manifest_ContextBar

managementConfiguration: ""
manifest: Manifest_ContextBaz

managementConfiguration: ""
manifest: Manifest_ContextFoo

