managementConfiguration: ""
manifest: Manifest_ContextBaz

