Create or modify a manifests in the airshipctl config file.

Usage:
  set-manifest NAME [flags]

Examples:

# Create a new manifest
airshipctl config set-manifest exampleManifest \
  --repo exampleRepo \
  --url https://github.com/site \
  --branch master \
  --phase \
  --target-path exampleTargetpath

# Change the phase repo for manifest
airshipctl config set-manifest e2e \
  --repo exampleRepo \
  --phase

# Change the target-path for manifest
airshipctl config set-manifest e2e \
  --target-path /tmp/e2e


Flags:
      --branch string          the branch to be associated with repository in this manifest
      --commithash string      the commit hash to be associated with repository in this manifest
      --force                  if set, enable force checkout in repository with this manifest
  -h, --help                   help for set-manifest
      --metadata-path string   the metadata path to be set for this manifest
      --phase                  if set, enable this repository as phase repository to be used with this manifest
      --repo string            the name of the repository to be associated with this manifest
      --tag string             the tag to be associated with repository in this manifest
      --target-path string     the target path to be set for this manifest
      --url string             the repository url to be associated with this manifest
