Error: missing configuration: context with name 'foo'
Usage:
  use-context NAME [flags]

Examples:

# Switch to a context named "exampleContext" in airshipctl config file
airshipctl config use-context exampleContext


Flags:
  -h, --help   help for use-context

