---
apiVersion: v1
data:
  password: cGFzc3dvcmQ=
  username: dXNlcm5hbWU=
kind: Secret
metadata:
  name: node02-bmc-secret
type: Opaque
...
---
apiVersion: v1
kind: Secret
metadata:
  name: node02-network-data
stringData:
  networkData: someData
type: Opaque
...
---
apiVersion: metal3.io/v1alpha1
kind: BareMetalHost
metadata:
  annotations:
    airshipit.org/clustertype: ephemeral
  labels:
    airshipit.org/deploy-k8s: "false"
    airshipit.org/ephemeral-node: "true"
  name: node02
spec:
  bmc:
    address: redfish+https://localhost:8443/redfish/v1/Systems/air-ephemeral
    credentialsName: node02-bmc-secret
  bootMACAddress: 00:3b:8b:0c:ec:8b
  networkData:
    name: node02-network-data
    namespace: default
  online: true
status:
  provisioning:
    state: externally provisioned
...
