inventoryRepositoryName: ""
metadataPath: ""
phaseRepositoryName: foo_phase_repo
targetPath: foo_target_path

